terminate called after throwing an instance of 'long'
Bazzle constructor
Foozle constructor

*** catch test 0
Foo constructor
throwing Bar
Bar constructor
Foo destructor
caught Bar
Bar destructor

*** catch test 1
Foo constructor
throwing Baz
Baz constructor
Foo destructor
caught Baz
Baz destructor

*** catch test 2
Foo constructor
throwing int (14)
Foo destructor
caught int (14)

*** catch test 3
Foo constructor
throwing long (won't be caught!; 15L)
