test 1
Hello, world!
Each character is printed via a bunch of needless recursion and setjmp/longjmp
1156 longjmps, 30645 fwd invokes
test 2
jb1 13
jb2 12
